stm32l0xx_hal_pwr.c:79:6:HAL_PWR_DeInit	8	static
stm32l0xx_hal_pwr.c:326:6:HAL_PWR_EnableBkUpAccess	8	static
stm32l0xx_hal_pwr.c:339:6:HAL_PWR_DisableBkUpAccess	8	static
stm32l0xx_hal_pwr.c:424:6:HAL_PWR_EnableWakeUpPin	16	static
stm32l0xx_hal_pwr.c:441:6:HAL_PWR_DisableWakeUpPin	16	static
stm32l0xx_hal_pwr.c:464:6:HAL_PWR_EnterSLEEPMode	32	static
stm32l0xx_hal_pwr.c:545:6:HAL_PWR_EnterSTOPMode	32	static
stm32l0xx_hal_pwr.c:614:6:HAL_PWR_EnterSTANDBYMode	8	static
stm32l0xx_hal_pwr.c:638:6:HAL_PWR_EnableSleepOnExit	8	static
stm32l0xx_hal_pwr.c:651:6:HAL_PWR_DisableSleepOnExit	8	static
stm32l0xx_hal_pwr.c:664:6:HAL_PWR_EnableSEVOnPend	8	static
stm32l0xx_hal_pwr.c:677:6:HAL_PWR_DisableSEVOnPend	8	static
