../Core/Src/main.c:82:6:updateBuffer	24	static
../Core/Src/main.c:110:6:WS2812_Send	8	static
../Core/Src/main.c:122:6:HAL_TIM_PWM_PulseFinishedCallback	16	static
../Core/Src/main.c:136:5:main	24	static
../Core/Src/main.c:217:6:SystemClock_Config	96	static
../Core/Src/main.c:278:13:MX_TIM1_Init	112	static
../Core/Src/main.c:358:13:MX_USART2_UART_Init	8	static
../Core/Src/main.c:391:13:MX_DMA_Init	16	static
../Core/Src/main.c:409:13:MX_GPIO_Init	40	static
../Core/Src/main.c:444:6:Error_Handler	4	static,ignoring_inline_asm
